#-----------------------------------------------------------
# Vivado v2020.2 (64-bit)
# SW Build 3064766 on Wed Nov 18 09:12:45 MST 2020
# IP Build 3064653 on Wed Nov 18 14:17:31 MST 2020
# Start of session at: Sat Apr 16 13:52:51 2022
# Process ID: 4668
# Current directory: D:/škola/digitalni ele/vhdlskola/vhdlskola/digital-electronics-1/labs/07-display_driver/display_driver
# Command line: vivado.exe -gui_launcher_event rodinguilauncherevent17876 D:\škola\digitalni ele\vhdlskola\vhdlskola\digital-electronics-1\labs\07-display_driver\display_driver\display_driver.xpr
# Log file: D:/škola/digitalni ele/vhdlskola/vhdlskola/digital-electronics-1/labs/07-display_driver/display_driver/vivado.log
# Journal file: D:/škola/digitalni ele/vhdlskola/vhdlskola/digital-electronics-1/labs/07-display_driver/display_driver\vivado.jou
#-----------------------------------------------------------
start_gui
open_project {D:/škola/digitalni ele/vhdlskola/vhdlskola/digital-electronics-1/labs/07-display_driver/display_driver/display_driver.xpr}
update_compile_order -fileset sources_1
launch_simulation
source tb_driver_7seg_4digits.tcl
close_sim
